2025-09-22 11:35:46,992 - INFO - Successfully authenticated for Policy Engine 4.4.0
2025-09-22 11:35:46,992 - INFO - Discovering Policy Engine API format...
2025-09-22 11:35:47,085 - INFO - Creating Policy Engine zones...
2025-09-22 11:35:47,085 - INFO - Policy Engine zones configuration saved to policy_engine_zones_20250922_113547.json
2025-09-22 11:35:47,085 - INFO - Creating Policy Engine objects...
2025-09-22 11:35:47,135 - INFO - Policy Engine objects configuration saved to policy_engine_objects_20250922_113547.json
2025-09-22 11:35:47,135 - INFO - Creating Policy Engine rules...
2025-09-22 11:35:47,135 - INFO - Policy Engine rules configuration saved to policy_engine_rules_20250922_113547.json
2025-09-22 11:35:47,136 - INFO - Creating legacy-compatible rules...
2025-09-22 11:35:47,273 - INFO - ✅ Created legacy rule: Policy_Engine_Management_Access
2025-09-22 11:35:48,312 - INFO - ✅ Created legacy rule: Policy_Engine_IoT_Restriction
2025-09-22 11:35:49,341 - INFO - ✅ Created legacy rule: Policy_Engine_Guest_Isolation
2025-09-22 11:35:50,345 - INFO - Legacy rule creation completed: 3/3 rules created
2025-09-22 11:35:50,345 - INFO - Generating Policy Engine report...
2025-09-22 11:35:50,345 - INFO - Discovering Policy Engine API format...
2025-09-22 11:35:50,400 - INFO - Creating Policy Engine zones...
2025-09-22 11:35:50,401 - INFO - Policy Engine zones configuration saved to policy_engine_zones_20250922_113550.json
2025-09-22 11:35:50,401 - INFO - Creating Policy Engine objects...
2025-09-22 11:35:50,439 - INFO - Policy Engine objects configuration saved to policy_engine_objects_20250922_113550.json
2025-09-22 11:35:50,440 - INFO - Creating Policy Engine rules...
2025-09-22 11:35:50,440 - INFO - Policy Engine rules configuration saved to policy_engine_rules_20250922_113550.json
2025-09-22 11:35:50,440 - INFO - Creating legacy-compatible rules...
2025-09-22 11:35:50,472 - INFO - ✅ Created legacy rule: Policy_Engine_Management_Access
2025-09-22 11:35:51,518 - INFO - ✅ Created legacy rule: Policy_Engine_IoT_Restriction
2025-09-22 11:35:52,556 - INFO - ✅ Created legacy rule: Policy_Engine_Guest_Isolation
2025-09-22 11:35:53,561 - INFO - Legacy rule creation completed: 3/3 rules created
