2025-09-21 23:19:02,941 - INFO - Starting network scan...
2025-09-21 23:19:03,118 - INFO - Successfully authenticated with API key
2025-09-21 23:19:03,128 - INFO - Controller: Unknown vUnknown
2025-09-21 23:19:03,154 - INFO - Found 15 networks
2025-09-21 23:19:03,203 - INFO - Found 5 devices, 10 clients
2025-09-21 23:19:03,306 - INFO - Security level: advanced (45 rules)
2025-09-21 23:19:03,307 - INFO - Generated enhanced_implementation implementation recommendations
2025-09-21 23:19:03,314 - INFO - Scan results saved to working_network_scan_results_20250921_231903.json
2025-09-21 23:19:03,314 - INFO - Network scan completed successfully
2025-09-22 07:44:17,762 - INFO - Starting network scan...
2025-09-22 07:44:18,090 - INFO - Successfully authenticated with API key
2025-09-22 07:44:18,102 - INFO - Controller: Unknown vUnknown
2025-09-22 07:44:18,138 - INFO - Found 5 networks
2025-09-22 07:44:18,184 - INFO - Found 5 devices, 13 clients
2025-09-22 07:44:18,206 - INFO - Security level: advanced (45 rules)
2025-09-22 07:44:18,206 - INFO - Generated enhanced_implementation implementation recommendations
2025-09-22 07:44:18,209 - INFO - Scan results saved to working_network_scan_results_20250922_074418.json
2025-09-22 07:44:18,209 - INFO - Network scan completed successfully
2025-09-22 07:54:42,847 - INFO - Starting network scan...
2025-09-22 07:54:42,883 - INFO - Successfully authenticated with API key
2025-09-22 07:54:42,892 - INFO - Controller: Unknown vUnknown
2025-09-22 07:54:42,927 - INFO - Found 5 networks
2025-09-22 07:54:42,989 - INFO - Found 5 devices, 14 clients
2025-09-22 07:54:43,009 - INFO - Security level: advanced (29 rules)
2025-09-22 07:54:43,009 - INFO - Generated enhanced_implementation implementation recommendations
2025-09-22 07:54:43,015 - INFO - Scan results saved to working_network_scan_results_20250922_075443.json
2025-09-22 07:54:43,015 - INFO - Network scan completed successfully
2025-09-23 14:38:44,948 - INFO - Starting network scan...
2025-09-23 14:38:45,258 - INFO - Successfully authenticated with API key
2025-09-23 14:38:45,273 - INFO - Controller: Unknown vUnknown
2025-09-23 14:38:45,297 - INFO - Found 5 networks
2025-09-23 14:38:45,408 - INFO - Found 5 devices, 11 clients
2025-09-23 14:38:45,464 - INFO - Security level: advanced (38 rules)
2025-09-23 14:38:45,464 - INFO - Generated enhanced_implementation implementation recommendations
2025-09-23 14:38:45,470 - INFO - Scan results saved to working_network_scan_results_20250923_143845.json
2025-09-23 14:38:45,470 - INFO - Network scan completed successfully
